// Jest Snapshot v1, https://goo.gl/fbAQLP

exports[`works with a double-auto layout 1`] = `
Object {
  "aside": Object {
    "bottom": 500,
    "height": 500,
    "id": "aside",
    "left": 0,
    "right": 100,
    "top": 0,
    "width": 100,
  },
  "content-1": Object {
    "bottom": 500,
    "height": 500,
    "id": "content-1",
    "left": 100,
    "right": 300,
    "top": 0,
    "width": 200,
  },
  "content-2": Object {
    "bottom": 500,
    "height": 500,
    "id": "content-2",
    "left": 300,
    "right": 500,
    "top": 0,
    "width": 200,
  },
  "root": Object {
    "children": Array [
      Object {
        "height": "100%",
        "id": "aside",
        "width": 100,
      },
      Object {
        "height": "100%",
        "id": "content-1",
        "width": "auto",
      },
      Object {
        "height": "100%",
        "id": "content-2",
        "width": "auto",
      },
    ],
    "direction": "row",
    "height": 500,
    "id": "root",
    "width": 500,
  },
}
`;

exports[`works with a simple layout 1`] = `
Object {
  "content": Object {
    "bottom": 420,
    "height": 360,
    "id": "content",
    "left": 20,
    "right": 480,
    "top": 60,
    "width": 460,
  },
  "footer": Object {
    "bottom": 470,
    "height": 50,
    "id": "footer",
    "left": 20,
    "right": 480,
    "top": 420,
    "width": 460,
  },
  "root": Object {
    "children": Array [
      Object {
        "height": 50,
        "id": "title",
        "width": "100%",
      },
      Object {
        "height": "auto",
        "id": "content",
        "width": "100%",
      },
      Object {
        "height": 50,
        "id": "footer",
        "width": "100%",
      },
    ],
    "direction": "column",
    "height": 500,
    "id": "root",
    "padding": Array [
      10,
      20,
      30,
      20,
    ],
    "width": 500,
  },
  "title": Object {
    "bottom": 60,
    "height": 50,
    "id": "title",
    "left": 20,
    "right": 480,
    "top": 10,
    "width": 460,
  },
}
`;

exports[`works with an advanced layout 1`] = `
Object {
  "center": Object {
    "bottom": 320,
    "height": 240,
    "id": "center",
    "left": 140,
    "right": 360,
    "top": 80,
    "width": 220,
  },
  "center-wrapper": Object {
    "bottom": 330,
    "height": 260,
    "id": "center-wrapper",
    "left": 120,
    "right": 380,
    "top": 70,
    "width": 260,
  },
  "chart": Object {
    "bottom": 330,
    "height": 260,
    "id": "chart",
    "left": 20,
    "right": 480,
    "top": 70,
    "width": 460,
  },
  "left": Object {
    "bottom": 330,
    "height": 260,
    "id": "left",
    "left": 20,
    "right": 120,
    "top": 70,
    "width": 100,
  },
  "legend": Object {
    "bottom": 480,
    "height": 150,
    "id": "legend",
    "left": 20,
    "right": 480,
    "top": 330,
    "width": 460,
  },
  "right": Object {
    "bottom": 330,
    "height": 260,
    "id": "right",
    "left": 380,
    "right": 480,
    "top": 70,
    "width": 100,
  },
  "root": Object {
    "children": Array [
      Object {
        "height": 50,
        "id": "title",
        "width": "100%",
      },
      Object {
        "children": Array [
          Object {
            "height": "100%",
            "id": "left",
            "width": 100,
          },
          Object {
            "children": Array [
              Object {
                "height": "100%",
                "id": "center",
                "width": "100%",
              },
            ],
            "direction": "row",
            "height": "100%",
            "id": "center-wrapper",
            "padding": Array [
              10,
              20,
            ],
            "width": "auto",
          },
          Object {
            "height": "100%",
            "id": "right",
            "width": 100,
          },
        ],
        "direction": "row",
        "height": "auto",
        "id": "chart",
        "padding": 0,
        "width": "100%",
      },
      Object {
        "height": 150,
        "id": "legend",
        "width": "100%",
      },
    ],
    "direction": "column",
    "height": 500,
    "id": "root",
    "padding": 20,
    "width": 500,
  },
  "title": Object {
    "bottom": 70,
    "height": 50,
    "id": "title",
    "left": 20,
    "right": 480,
    "top": 20,
    "width": 460,
  },
}
`;
